device: cuda [NVIDIA RTX A6000]
DeepFlyBrain (npz) -> train 83722  val 10505  test 10434  (L=500)
train_a GC: mean 0.4552  sd 0.0552
model 1.02M params | 1500 epochs x 328 steps = 492000 steps | 126.0M sample-views
  it   1640  train 0.07639  val 0.06858  lr 2.00e-03  1.8 min  0.4M views *best, saved*
  it   3280  train 0.06733  val 0.06774  lr 2.00e-03  3.6 min  0.8M views *best, saved*
  it   4920  train 0.06670  val 0.07015  lr 2.00e-03  5.4 min  1.3M views  (no improve 1/300)
  it   6560  train 0.06623  val 0.06832  lr 2.00e-03  7.2 min  1.7M views  (no improve 2/300)
  it   8200  train 0.06612  val 0.06644  lr 2.00e-03  9.0 min  2.1M views *best, saved*
  it   9840  train 0.06586  val 0.06772  lr 2.00e-03  10.8 min  2.5M views  (no improve 1/300)
  it  11480  train 0.06557  val 0.06584  lr 2.00e-03  12.6 min  2.9M views *best, saved*
  it  13120  train 0.06549  val 0.06821  lr 2.00e-03  14.4 min  3.4M views  (no improve 1/300)
  it  14760  train 0.06515  val 0.06551  lr 2.00e-03  16.2 min  3.8M views *best, saved*
  it  16400  train 0.06519  val 0.06537  lr 1.99e-03  18.0 min  4.2M views *best, saved*
  it  18040  train 0.06540  val 0.06517  lr 1.99e-03  19.8 min  4.6M views *best, saved*
  it  19680  train 0.06478  val 0.06544  lr 1.99e-03  21.6 min  5.0M views  (no improve 1/300)
  it  21320  train 0.06513  val 0.06583  lr 1.99e-03  23.4 min  5.5M views  (no improve 2/300)
  it  22960  train 0.06505  val 0.06541  lr 1.99e-03  25.2 min  5.9M views  (no improve 3/300)
  it  24600  train 0.06521  val 0.06499  lr 1.99e-03  27.0 min  6.3M views *best, saved*
  it  26240  train 0.06506  val 0.06596  lr 1.99e-03  28.8 min  6.7M views  (no improve 1/300)
  it  27880  train 0.06496  val 0.06509  lr 1.98e-03  30.6 min  7.1M views  (no improve 2/300)
  it  29520  train 0.06486  val 0.06555  lr 1.98e-03  32.4 min  7.6M views  (no improve 3/300)
  it  31160  train 0.06481  val 0.06483  lr 1.98e-03  34.2 min  8.0M views *best, saved*
  it  32800  train 0.06478  val 0.06464  lr 1.98e-03  36.0 min  8.4M views *best, saved*
  it  34440  train 0.06484  val 0.06507  lr 1.98e-03  37.8 min  8.8M views  (no improve 1/300)
  it  36080  train 0.06501  val 0.06479  lr 1.97e-03  39.6 min  9.2M views  (no improve 2/300)
  it  37720  train 0.06481  val 0.06486  lr 1.97e-03  41.4 min  9.7M views  (no improve 3/300)
  it  39360  train 0.06474  val 0.06477  lr 1.97e-03  43.2 min  10.1M views  (no improve 4/300)
  it  41000  train 0.06482  val 0.06512  lr 1.97e-03  45.0 min  10.5M views  (no improve 5/300)
  it  42640  train 0.06477  val 0.06488  lr 1.96e-03  46.8 min  10.9M views  (no improve 6/300)
  it  44280  train 0.06460  val 0.06477  lr 1.96e-03  48.6 min  11.3M views  (no improve 7/300)
  it  45920  train 0.06464  val 0.06448  lr 1.96e-03  50.5 min  11.8M views *best, saved*
  it  47560  train 0.06438  val 0.06444  lr 1.95e-03  52.3 min  12.2M views *best, saved*
  it  49200  train 0.06477  val 0.06465  lr 1.95e-03  54.1 min  12.6M views  (no improve 1/300)
  it  50840  train 0.06468  val 0.06461  lr 1.95e-03  55.9 min  13.0M views  (no improve 2/300)
  it  52480  train 0.06480  val 0.06497  lr 1.94e-03  57.7 min  13.4M views  (no improve 3/300)
  it  54120  train 0.06542  val 0.06519  lr 1.94e-03  59.5 min  13.9M views  (no improve 4/300)
  it  55760  train 0.06448  val 0.06534  lr 1.94e-03  61.3 min  14.3M views  (no improve 5/300)
  it  57400  train 0.06448  val 0.06756  lr 1.93e-03  63.1 min  14.7M views  (no improve 6/300)
  it  59040  train 0.06460  val 0.06471  lr 1.93e-03  64.9 min  15.1M views  (no improve 7/300)
  it  60680  train 0.06487  val 0.06463  lr 1.93e-03  66.7 min  15.5M views  (no improve 8/300)
  it  62320  train 0.06454  val 0.06486  lr 1.92e-03  68.5 min  16.0M views  (no improve 9/300)
  it  63960  train 0.06456  val 0.06480  lr 1.92e-03  70.3 min  16.4M views  (no improve 10/300)
  it  65600  train 0.06468  val 0.06471  lr 1.91e-03  72.1 min  16.8M views  (no improve 11/300)
  it  67240  train 0.06436  val 0.06576  lr 1.91e-03  73.9 min  17.2M views  (no improve 12/300)
  it  68880  train 0.06454  val 0.06465  lr 1.90e-03  75.7 min  17.6M views  (no improve 13/300)
  it  70520  train 0.06479  val 0.06463  lr 1.90e-03  77.5 min  18.1M views  (no improve 14/300)
  it  72160  train 0.06472  val 0.06469  lr 1.90e-03  79.3 min  18.5M views  (no improve 15/300)
  it  73800  train 0.06424  val 0.06474  lr 1.89e-03  81.1 min  18.9M views  (no improve 16/300)
  it  75440  train 0.06456  val 0.06447  lr 1.89e-03  82.9 min  19.3M views  (no improve 17/300)
  it  77080  train 0.06452  val 0.06436  lr 1.88e-03  84.7 min  19.7M views *best, saved*
  it  78720  train 0.06448  val 0.06474  lr 1.88e-03  86.5 min  20.2M views  (no improve 1/300)
  it  80360  train 0.06448  val 0.06422  lr 1.87e-03  88.3 min  20.6M views *best, saved*
  it  82000  train 0.06440  val 0.06426  lr 1.87e-03  90.1 min  21.0M views  (no improve 1/300)
  it  83640  train 0.06454  val 0.06460  lr 1.86e-03  91.9 min  21.4M views  (no improve 2/300)
  it  85280  train 0.06460  val 0.06427  lr 1.86e-03  93.7 min  21.8M views  (no improve 3/300)
  it  86920  train 0.06431  val 0.06426  lr 1.85e-03  95.5 min  22.3M views  (no improve 4/300)
  it  88560  train 0.06459  val 0.06423  lr 1.84e-03  97.3 min  22.7M views  (no improve 5/300)
  it  90200  train 0.06426  val 0.06438  lr 1.84e-03  99.1 min  23.1M views  (no improve 6/300)
  it  91840  train 0.06445  val 0.06438  lr 1.83e-03  100.9 min  23.5M views  (no improve 7/300)
  it  93480  train 0.06455  val 0.06496  lr 1.83e-03  102.7 min  23.9M views  (no improve 8/300)
  it  95120  train 0.06452  val 0.06442  lr 1.82e-03  104.5 min  24.4M views  (no improve 9/300)
  it  96760  train 0.06440  val 0.06465  lr 1.82e-03  106.3 min  24.8M views  (no improve 10/300)
  it  98400  train 0.06461  val 0.06435  lr 1.81e-03  108.1 min  25.2M views  (no improve 11/300)
  it 100040  train 0.06437  val 0.06450  lr 1.80e-03  109.9 min  25.6M views  (no improve 12/300)
  it 101680  train 0.06420  val 0.06426  lr 1.80e-03  111.7 min  26.0M views  (no improve 13/300)
  it 103320  train 0.06455  val 0.06408  lr 1.79e-03  113.5 min  26.4M views *best, saved*
  it 104960  train 0.06430  val 0.06439  lr 1.78e-03  115.3 min  26.9M views  (no improve 1/300)
  it 106600  train 0.06464  val 0.06434  lr 1.78e-03  117.1 min  27.3M views  (no improve 2/300)
  it 108240  train 0.06404  val 0.06417  lr 1.77e-03  118.9 min  27.7M views  (no improve 3/300)
  it 109880  train 0.06437  val 0.06428  lr 1.76e-03  120.7 min  28.1M views  (no improve 4/300)
  it 111520  train 0.06422  val 0.06440  lr 1.76e-03  122.5 min  28.5M views  (no improve 5/300)
  it 113160  train 0.06403  val 0.06433  lr 1.75e-03  124.3 min  29.0M views  (no improve 6/300)
  it 114800  train 0.06436  val 0.06439  lr 1.74e-03  126.1 min  29.4M views  (no improve 7/300)
  it 116440  train 0.06439  val 0.06399  lr 1.74e-03  127.9 min  29.8M views *best, saved*
  it 118080  train 0.06435  val 0.06432  lr 1.73e-03  129.7 min  30.2M views  (no improve 1/300)
  it 119720  train 0.06416  val 0.06499  lr 1.72e-03  131.5 min  30.6M views  (no improve 2/300)
  it 121360  train 0.06441  val 0.06429  lr 1.71e-03  133.3 min  31.1M views  (no improve 3/300)
  it 123000  train 0.06456  val 0.06436  lr 1.71e-03  135.1 min  31.5M views  (no improve 4/300)
  it 124640  train 0.06434  val 0.06415  lr 1.70e-03  136.9 min  31.9M views  (no improve 5/300)
  it 126280  train 0.06418  val 0.06429  lr 1.69e-03  138.7 min  32.3M views  (no improve 6/300)
  it 127920  train 0.06429  val 0.06423  lr 1.68e-03  140.5 min  32.7M views  (no improve 7/300)
  it 129560  train 0.06419  val 0.06413  lr 1.68e-03  142.3 min  33.2M views  (no improve 8/300)
  it 131200  train 0.06441  val 0.06406  lr 1.67e-03  144.1 min  33.6M views  (no improve 9/300)
  it 132840  train 0.06432  val 0.06524  lr 1.66e-03  145.9 min  34.0M views  (no improve 10/300)
  it 134480  train 0.06423  val 0.06429  lr 1.65e-03  147.7 min  34.4M views  (no improve 11/300)
  it 136120  train 0.06424  val 0.06457  lr 1.65e-03  149.5 min  34.8M views  (no improve 12/300)
  it 137760  train 0.06431  val 0.06400  lr 1.64e-03  151.3 min  35.3M views  (no improve 13/300)
  it 139400  train 0.06436  val 0.06404  lr 1.63e-03  153.1 min  35.7M views  (no improve 14/300)
  it 141040  train 0.06449  val 0.06480  lr 1.62e-03  154.9 min  36.1M views  (no improve 15/300)
  it 142680  train 0.06434  val 0.06417  lr 1.61e-03  156.7 min  36.5M views  (no improve 16/300)
  it 144320  train 0.06411  val 0.06421  lr 1.60e-03  158.5 min  36.9M views  (no improve 17/300)
  it 145960  train 0.06404  val 0.06407  lr 1.60e-03  160.3 min  37.4M views  (no improve 18/300)
  it 147600  train 0.06428  val 0.06405  lr 1.59e-03  162.1 min  37.8M views  (no improve 19/300)
  it 149240  train 0.06419  val 0.06416  lr 1.58e-03  163.9 min  38.2M views  (no improve 20/300)
  it 150880  train 0.06420  val 0.06407  lr 1.57e-03  165.7 min  38.6M views  (no improve 21/300)
  it 152520  train 0.06416  val 0.06396  lr 1.56e-03  167.5 min  39.0M views *best, saved*
  it 154160  train 0.06435  val 0.06410  lr 1.55e-03  169.3 min  39.5M views  (no improve 1/300)
  it 155800  train 0.06405  val 0.06418  lr 1.54e-03  171.1 min  39.9M views  (no improve 2/300)
  it 157440  train 0.06425  val 0.06414  lr 1.54e-03  172.9 min  40.3M views  (no improve 3/300)
  it 159080  train 0.06438  val 0.06417  lr 1.53e-03  174.7 min  40.7M views  (no improve 4/300)
  it 160720  train 0.06404  val 0.06421  lr 1.52e-03  176.5 min  41.1M views  (no improve 5/300)
  it 162360  train 0.06427  val 0.06404  lr 1.51e-03  178.3 min  41.6M views  (no improve 6/300)
  it 164000  train 0.06428  val 0.06411  lr 1.50e-03  180.1 min  42.0M views  (no improve 7/300)
  it 165640  train 0.06407  val 0.06414  lr 1.49e-03  181.9 min  42.4M views  (no improve 8/300)
  it 167280  train 0.06432  val 0.06426  lr 1.48e-03  183.7 min  42.8M views  (no improve 9/300)
  it 168920  train 0.06391  val 0.06405  lr 1.47e-03  185.5 min  43.2M views  (no improve 10/300)
  it 170560  train 0.06433  val 0.06395  lr 1.46e-03  187.3 min  43.7M views *best, saved*
  it 172200  train 0.06427  val 0.06404  lr 1.45e-03  189.1 min  44.1M views  (no improve 1/300)
  it 173840  train 0.06409  val 0.06395  lr 1.44e-03  190.9 min  44.5M views *best, saved*
  it 175480  train 0.06400  val 0.06438  lr 1.44e-03  192.7 min  44.9M views  (no improve 1/300)
  it 177120  train 0.06394  val 0.06394  lr 1.43e-03  194.5 min  45.3M views *best, saved*
  it 178760  train 0.06411  val 0.06395  lr 1.42e-03  196.3 min  45.8M views  (no improve 1/300)
  it 180400  train 0.06417  val 0.06396  lr 1.41e-03  198.1 min  46.2M views  (no improve 2/300)
  it 182040  train 0.06418  val 0.06405  lr 1.40e-03  199.9 min  46.6M views  (no improve 3/300)
  it 183680  train 0.06398  val 0.06415  lr 1.39e-03  201.7 min  47.0M views  (no improve 4/300)
  it 185320  train 0.06415  val 0.06404  lr 1.38e-03  203.4 min  47.4M views  (no improve 5/300)
  it 186960  train 0.06431  val 0.06395  lr 1.37e-03  205.2 min  47.9M views  (no improve 6/300)
  it 188600  train 0.06393  val 0.06395  lr 1.36e-03  207.0 min  48.3M views  (no improve 7/300)
  it 190240  train 0.06417  val 0.06398  lr 1.35e-03  208.8 min  48.7M views  (no improve 8/300)
  it 191880  train 0.06406  val 0.06412  lr 1.34e-03  210.6 min  49.1M views  (no improve 9/300)
  it 193520  train 0.06417  val 0.06394  lr 1.33e-03  212.4 min  49.5M views  (no improve 10/300)
  it 195160  train 0.06392  val 0.06410  lr 1.32e-03  214.2 min  50.0M views  (no improve 11/300)
  it 196800  train 0.06387  val 0.06391  lr 1.31e-03  216.0 min  50.4M views *best, saved*
  it 198440  train 0.06400  val 0.06416  lr 1.30e-03  217.8 min  50.8M views  (no improve 1/300)
  it 200080  train 0.06397  val 0.06409  lr 1.29e-03  219.6 min  51.2M views  (no improve 2/300)
  it 201720  train 0.06379  val 0.06396  lr 1.28e-03  221.4 min  51.6M views  (no improve 3/300)
  it 203360  train 0.06397  val 0.06415  lr 1.27e-03  223.2 min  52.1M views  (no improve 4/300)
  it 205000  train 0.06388  val 0.06399  lr 1.26e-03  225.0 min  52.5M views  (no improve 5/300)
  it 206640  train 0.06400  val 0.06413  lr 1.25e-03  226.8 min  52.9M views  (no improve 6/300)
  it 208280  train 0.06415  val 0.06410  lr 1.24e-03  228.6 min  53.3M views  (no improve 7/300)
  it 209920  train 0.06394  val 0.06383  lr 1.23e-03  230.4 min  53.7M views *best, saved*
  it 211560  train 0.06415  val 0.06395  lr 1.22e-03  232.2 min  54.2M views  (no improve 1/300)
  it 213200  train 0.06429  val 0.06426  lr 1.21e-03  234.0 min  54.6M views  (no improve 2/300)
  it 214840  train 0.06401  val 0.06388  lr 1.20e-03  235.8 min  55.0M views  (no improve 3/300)
  it 216480  train 0.06393  val 0.06386  lr 1.19e-03  237.6 min  55.4M views  (no improve 4/300)
  it 218120  train 0.06414  val 0.06397  lr 1.18e-03  239.4 min  55.8M views  (no improve 5/300)
  it 219760  train 0.06389  val 0.06384  lr 1.17e-03  241.2 min  56.3M views  (no improve 6/300)
  it 221400  train 0.06410  val 0.06393  lr 1.16e-03  243.0 min  56.7M views  (no improve 7/300)
  it 223040  train 0.06428  val 0.06393  lr 1.15e-03  244.8 min  57.1M views  (no improve 8/300)
  it 224680  train 0.06403  val 0.06397  lr 1.14e-03  246.6 min  57.5M views  (no improve 9/300)
  it 226320  train 0.06425  val 0.06392  lr 1.13e-03  248.4 min  57.9M views  (no improve 10/300)
  it 227960  train 0.06375  val 0.06387  lr 1.11e-03  250.2 min  58.4M views  (no improve 11/300)
  it 229600  train 0.06414  val 0.06391  lr 1.10e-03  252.0 min  58.8M views  (no improve 12/300)
  it 231240  train 0.06408  val 0.06403  lr 1.09e-03  253.8 min  59.2M views  (no improve 13/300)
  it 232880  train 0.06395  val 0.06415  lr 1.08e-03  255.6 min  59.6M views  (no improve 14/300)
  it 234520  train 0.06401  val 0.06393  lr 1.07e-03  257.4 min  60.0M views  (no improve 15/300)
  it 236160  train 0.06389  val 0.06399  lr 1.06e-03  259.2 min  60.5M views  (no improve 16/300)
  it 237800  train 0.06381  val 0.06382  lr 1.05e-03  261.0 min  60.9M views *best, saved*
  it 239440  train 0.06410  val 0.06384  lr 1.04e-03  262.8 min  61.3M views  (no improve 1/300)
  it 241080  train 0.06384  val 0.06397  lr 1.03e-03  264.6 min  61.7M views  (no improve 2/300)
  it 242720  train 0.06372  val 0.06382  lr 1.02e-03  266.4 min  62.1M views *best, saved*
  it 244360  train 0.06399  val 0.06380  lr 1.01e-03  268.2 min  62.6M views *best, saved*
  it 246000  train 0.06421  val 0.06412  lr 1.00e-03  270.0 min  63.0M views  (no improve 1/300)
  it 247640  train 0.06394  val 0.06371  lr 9.90e-04  271.8 min  63.4M views *best, saved*
  it 249280  train 0.06392  val 0.06381  lr 9.79e-04  273.6 min  63.8M views  (no improve 1/300)
  it 250920  train 0.06389  val 0.06415  lr 9.69e-04  275.4 min  64.2M views  (no improve 2/300)
  it 252560  train 0.06393  val 0.06374  lr 9.58e-04  277.2 min  64.7M views  (no improve 3/300)
  it 254200  train 0.06412  val 0.06386  lr 9.48e-04  279.0 min  65.1M views  (no improve 4/300)
  it 255840  train 0.06407  val 0.06380  lr 9.37e-04  280.8 min  65.5M views  (no improve 5/300)
  it 257480  train 0.06386  val 0.06393  lr 9.27e-04  282.6 min  65.9M views  (no improve 6/300)
  it 259120  train 0.06401  val 0.06371  lr 9.16e-04  284.4 min  66.3M views  (no improve 7/300)
  it 260760  train 0.06422  val 0.06378  lr 9.06e-04  286.2 min  66.8M views  (no improve 8/300)
  it 262400  train 0.06390  val 0.06371  lr 8.95e-04  288.0 min  67.2M views  (no improve 9/300)
  it 264040  train 0.06400  val 0.06381  lr 8.85e-04  289.8 min  67.6M views  (no improve 10/300)
  it 265680  train 0.06404  val 0.06376  lr 8.75e-04  291.6 min  68.0M views  (no improve 11/300)
  it 267320  train 0.06388  val 0.06378  lr 8.64e-04  293.4 min  68.4M views  (no improve 12/300)
  it 268960  train 0.06366  val 0.06393  lr 8.54e-04  295.2 min  68.9M views  (no improve 13/300)
  it 270600  train 0.06401  val 0.06379  lr 8.44e-04  297.0 min  69.3M views  (no improve 14/300)
  it 272240  train 0.06393  val 0.06371  lr 8.33e-04  298.8 min  69.7M views  (no improve 15/300)
  it 273880  train 0.06402  val 0.06371  lr 8.23e-04  300.6 min  70.1M views  (no improve 16/300)
  it 275520  train 0.06391  val 0.06375  lr 8.13e-04  302.4 min  70.5M views  (no improve 17/300)
  it 277160  train 0.06378  val 0.06384  lr 8.02e-04  304.2 min  71.0M views  (no improve 18/300)
  it 278800  train 0.06401  val 0.06377  lr 7.92e-04  306.0 min  71.4M views  (no improve 19/300)
  it 280440  train 0.06387  val 0.06379  lr 7.82e-04  307.8 min  71.8M views  (no improve 20/300)
  it 282080  train 0.06402  val 0.06370  lr 7.72e-04  309.6 min  72.2M views *best, saved*
  it 283720  train 0.06385  val 0.06370  lr 7.61e-04  311.4 min  72.6M views *best, saved*
  it 285360  train 0.06380  val 0.06375  lr 7.51e-04  313.1 min  73.1M views  (no improve 1/300)
  it 287000  train 0.06347  val 0.06376  lr 7.41e-04  314.9 min  73.5M views  (no improve 2/300)
  it 288640  train 0.06380  val 0.06368  lr 7.31e-04  316.7 min  73.9M views *best, saved*
  it 290280  train 0.06390  val 0.06366  lr 7.21e-04  318.5 min  74.3M views *best, saved*
  it 291920  train 0.06380  val 0.06377  lr 7.11e-04  320.3 min  74.7M views  (no improve 1/300)
  it 293560  train 0.06392  val 0.06368  lr 7.01e-04  322.1 min  75.2M views  (no improve 2/300)
  it 295200  train 0.06384  val 0.06361  lr 6.91e-04  323.9 min  75.6M views *best, saved*
  it 296840  train 0.06373  val 0.06371  lr 6.81e-04  325.7 min  76.0M views  (no improve 1/300)
  it 298480  train 0.06387  val 0.06372  lr 6.71e-04  327.5 min  76.4M views  (no improve 2/300)
  it 300120  train 0.06385  val 0.06368  lr 6.61e-04  329.3 min  76.8M views  (no improve 3/300)
  it 301760  train 0.06382  val 0.06364  lr 6.51e-04  331.1 min  77.3M views  (no improve 4/300)
  it 303400  train 0.06373  val 0.06365  lr 6.42e-04  332.9 min  77.7M views  (no improve 5/300)
  it 305040  train 0.06363  val 0.06363  lr 6.32e-04  334.7 min  78.1M views  (no improve 6/300)
  it 306680  train 0.06399  val 0.06372  lr 6.22e-04  336.5 min  78.5M views  (no improve 7/300)
  it 308320  train 0.06389  val 0.06365  lr 6.12e-04  338.3 min  78.9M views  (no improve 8/300)
  it 309960  train 0.06390  val 0.06369  lr 6.03e-04  340.1 min  79.3M views  (no improve 9/300)
  it 311600  train 0.06391  val 0.06366  lr 5.93e-04  341.9 min  79.8M views  (no improve 10/300)
  it 313240  train 0.06390  val 0.06362  lr 5.84e-04  343.7 min  80.2M views  (no improve 11/300)
  it 314880  train 0.06373  val 0.06363  lr 5.74e-04  345.5 min  80.6M views  (no improve 12/300)
  it 316520  train 0.06381  val 0.06358  lr 5.65e-04  347.3 min  81.0M views *best, saved*
  it 318160  train 0.06410  val 0.06388  lr 5.55e-04  349.1 min  81.4M views  (no improve 1/300)
  it 319800  train 0.06382  val 0.06361  lr 5.46e-04  350.9 min  81.9M views  (no improve 2/300)
  it 321440  train 0.06382  val 0.06363  lr 5.37e-04  352.7 min  82.3M views  (no improve 3/300)
  it 323080  train 0.06370  val 0.06363  lr 5.27e-04  354.5 min  82.7M views  (no improve 4/300)
  it 324720  train 0.06383  val 0.06364  lr 5.18e-04  356.3 min  83.1M views  (no improve 5/300)
  it 326360  train 0.06393  val 0.06364  lr 5.09e-04  358.1 min  83.5M views  (no improve 6/300)
  it 328000  train 0.06376  val 0.06361  lr 5.00e-04  359.9 min  84.0M views  (no improve 7/300)
  it 329640  train 0.06401  val 0.06372  lr 4.91e-04  361.7 min  84.4M views  (no improve 8/300)
  it 331280  train 0.06391  val 0.06358  lr 4.82e-04  363.5 min  84.8M views *best, saved*
  it 332920  train 0.06368  val 0.06362  lr 4.73e-04  365.3 min  85.2M views  (no improve 1/300)
  it 334560  train 0.06409  val 0.06371  lr 4.64e-04  367.1 min  85.6M views  (no improve 2/300)
  it 336200  train 0.06383  val 0.06357  lr 4.55e-04  368.9 min  86.1M views *best, saved*
  it 337840  train 0.06401  val 0.06368  lr 4.47e-04  370.7 min  86.5M views  (no improve 1/300)
  it 339480  train 0.06373  val 0.06358  lr 4.38e-04  372.5 min  86.9M views  (no improve 2/300)
  it 341120  train 0.06369  val 0.06365  lr 4.29e-04  374.3 min  87.3M views  (no improve 3/300)
  it 342760  train 0.06379  val 0.06357  lr 4.21e-04  376.1 min  87.7M views *best, saved*
  it 344400  train 0.06391  val 0.06356  lr 4.12e-04  377.9 min  88.2M views *best, saved*
  it 346040  train 0.06379  val 0.06355  lr 4.04e-04  379.7 min  88.6M views *best, saved*
  it 347680  train 0.06370  val 0.06354  lr 3.95e-04  381.5 min  89.0M views *best, saved*
  it 349320  train 0.06373  val 0.06355  lr 3.87e-04  383.3 min  89.4M views  (no improve 1/300)
  it 350960  train 0.06384  val 0.06376  lr 3.79e-04  385.1 min  89.8M views  (no improve 2/300)
  it 352600  train 0.06382  val 0.06355  lr 3.71e-04  386.9 min  90.3M views  (no improve 3/300)
  it 354240  train 0.06385  val 0.06354  lr 3.63e-04  388.7 min  90.7M views *best, saved*
  it 355880  train 0.06400  val 0.06350  lr 3.55e-04  390.5 min  91.1M views *best, saved*
  it 357520  train 0.06364  val 0.06350  lr 3.47e-04  392.3 min  91.5M views *best, saved*
  it 359160  train 0.06364  val 0.06357  lr 3.39e-04  394.1 min  91.9M views  (no improve 1/300)
  it 360800  train 0.06374  val 0.06354  lr 3.31e-04  395.9 min  92.4M views  (no improve 2/300)
  it 362440  train 0.06383  val 0.06360  lr 3.23e-04  397.7 min  92.8M views  (no improve 3/300)
  it 364080  train 0.06359  val 0.06351  lr 3.15e-04  399.5 min  93.2M views  (no improve 4/300)
  it 365720  train 0.06380  val 0.06349  lr 3.08e-04  401.3 min  93.6M views *best, saved*
  it 367360  train 0.06377  val 0.06357  lr 3.00e-04  403.1 min  94.0M views  (no improve 1/300)
  it 369000  train 0.06372  val 0.06351  lr 2.93e-04  404.9 min  94.5M views  (no improve 2/300)
  it 370640  train 0.06357  val 0.06352  lr 2.86e-04  406.7 min  94.9M views  (no improve 3/300)
  it 372280  train 0.06370  val 0.06351  lr 2.78e-04  408.5 min  95.3M views  (no improve 4/300)
  it 373920  train 0.06392  val 0.06349  lr 2.71e-04  410.3 min  95.7M views  (no improve 5/300)
  it 375560  train 0.06384  val 0.06355  lr 2.64e-04  412.1 min  96.1M views  (no improve 6/300)
  it 377200  train 0.06377  val 0.06353  lr 2.57e-04  413.9 min  96.6M views  (no improve 7/300)
  it 378840  train 0.06367  val 0.06358  lr 2.50e-04  415.7 min  97.0M views  (no improve 8/300)
  it 380480  train 0.06351  val 0.06362  lr 2.43e-04  417.5 min  97.4M views  (no improve 9/300)
  it 382120  train 0.06381  val 0.06349  lr 2.36e-04  419.3 min  97.8M views  (no improve 10/300)
  it 383760  train 0.06361  val 0.06352  lr 2.29e-04  421.0 min  98.2M views  (no improve 11/300)
  it 385400  train 0.06386  val 0.06351  lr 2.23e-04  422.8 min  98.7M views  (no improve 12/300)
  it 387040  train 0.06384  val 0.06351  lr 2.16e-04  424.6 min  99.1M views  (no improve 13/300)
  it 388680  train 0.06383  val 0.06347  lr 2.10e-04  426.4 min  99.5M views *best, saved*
  it 390320  train 0.06344  val 0.06354  lr 2.03e-04  428.2 min  99.9M views  (no improve 1/300)
  it 391960  train 0.06368  val 0.06348  lr 1.97e-04  430.0 min  100.3M views  (no improve 2/300)
  it 393600  train 0.06378  val 0.06349  lr 1.91e-04  431.8 min  100.8M views  (no improve 3/300)
  it 395240  train 0.06360  val 0.06349  lr 1.85e-04  433.6 min  101.2M views  (no improve 4/300)
  it 396880  train 0.06360  val 0.06347  lr 1.79e-04  435.4 min  101.6M views *best, saved*
  it 398520  train 0.06366  val 0.06344  lr 1.73e-04  437.2 min  102.0M views *best, saved*
  it 400160  train 0.06364  val 0.06347  lr 1.67e-04  439.0 min  102.4M views  (no improve 1/300)
  it 401800  train 0.06359  val 0.06347  lr 1.61e-04  440.8 min  102.9M views  (no improve 2/300)
  it 403440  train 0.06372  val 0.06346  lr 1.56e-04  442.6 min  103.3M views  (no improve 3/300)
  it 405080  train 0.06373  val 0.06343  lr 1.50e-04  444.4 min  103.7M views *best, saved*
  it 406720  train 0.06351  val 0.06347  lr 1.45e-04  446.2 min  104.1M views  (no improve 1/300)
  it 408360  train 0.06365  val 0.06345  lr 1.39e-04  448.0 min  104.5M views  (no improve 2/300)
  it 410000  train 0.06377  val 0.06346  lr 1.34e-04  449.8 min  105.0M views  (no improve 3/300)
  it 411640  train 0.06376  val 0.06347  lr 1.29e-04  451.6 min  105.4M views  (no improve 4/300)
  it 413280  train 0.06377  val 0.06343  lr 1.24e-04  453.4 min  105.8M views *best, saved*
  it 414920  train 0.06355  val 0.06343  lr 1.19e-04  455.2 min  106.2M views  (no improve 1/300)
  it 416560  train 0.06341  val 0.06343  lr 1.14e-04  457.0 min  106.6M views  (no improve 2/300)
  it 418200  train 0.06341  val 0.06342  lr 1.09e-04  458.8 min  107.1M views *best, saved*
  it 419840  train 0.06368  val 0.06344  lr 1.04e-04  460.6 min  107.5M views  (no improve 1/300)
  it 421480  train 0.06374  val 0.06342  lr 9.97e-05  462.4 min  107.9M views  (no improve 2/300)
  it 423120  train 0.06359  val 0.06342  lr 9.52e-05  464.2 min  108.3M views  (no improve 3/300)
  it 424760  train 0.06361  val 0.06343  lr 9.08e-05  466.0 min  108.7M views  (no improve 4/300)
  it 426400  train 0.06358  val 0.06341  lr 8.65e-05  467.8 min  109.2M views *best, saved*
  it 428040  train 0.06393  val 0.06342  lr 8.22e-05  469.6 min  109.6M views  (no improve 1/300)
  it 429680  train 0.06362  val 0.06340  lr 7.81e-05  471.4 min  110.0M views *best, saved*
  it 431320  train 0.06349  val 0.06342  lr 7.41e-05  473.2 min  110.4M views  (no improve 1/300)
  it 432960  train 0.06365  val 0.06342  lr 7.02e-05  475.0 min  110.8M views  (no improve 2/300)
  it 434600  train 0.06371  val 0.06342  lr 6.64e-05  476.8 min  111.3M views  (no improve 3/300)
  it 436240  train 0.06346  val 0.06342  lr 6.27e-05  478.6 min  111.7M views  (no improve 4/300)
  it 437880  train 0.06352  val 0.06342  lr 5.91e-05  480.4 min  112.1M views  (no improve 5/300)
  it 439520  train 0.06357  val 0.06342  lr 5.56e-05  482.2 min  112.5M views  (no improve 6/300)
  it 441160  train 0.06368  val 0.06341  lr 5.22e-05  484.0 min  112.9M views  (no improve 7/300)
  it 442800  train 0.06348  val 0.06340  lr 4.89e-05  485.8 min  113.4M views  (no improve 8/300)
  it 444440  train 0.06345  val 0.06340  lr 4.58e-05  487.6 min  113.8M views  (no improve 9/300)
  it 446080  train 0.06361  val 0.06339  lr 4.27e-05  489.4 min  114.2M views *best, saved*
  it 447720  train 0.06368  val 0.06339  lr 3.97e-05  491.2 min  114.6M views  (no improve 1/300)
  it 449360  train 0.06373  val 0.06340  lr 3.68e-05  493.0 min  115.0M views  (no improve 2/300)
  it 451000  train 0.06371  val 0.06342  lr 3.41e-05  494.8 min  115.5M views  (no improve 3/300)
  it 452640  train 0.06335  val 0.06341  lr 3.14e-05  496.6 min  115.9M views  (no improve 4/300)
  it 454280  train 0.06381  val 0.06340  lr 2.89e-05  498.4 min  116.3M views  (no improve 5/300)
  it 455920  train 0.06374  val 0.06339  lr 2.64e-05  500.2 min  116.7M views *best, saved*
  it 457560  train 0.06394  val 0.06339  lr 2.41e-05  502.0 min  117.1M views  (no improve 1/300)
  it 459200  train 0.06360  val 0.06340  lr 2.19e-05  503.8 min  117.6M views  (no improve 2/300)
  it 460840  train 0.06371  val 0.06339  lr 1.97e-05  505.6 min  118.0M views  (no improve 3/300)
  it 462480  train 0.06331  val 0.06340  lr 1.77e-05  507.4 min  118.4M views  (no improve 4/300)
  it 464120  train 0.06369  val 0.06340  lr 1.58e-05  509.2 min  118.8M views  (no improve 5/300)
  it 465760  train 0.06362  val 0.06339  lr 1.40e-05  511.0 min  119.2M views  (no improve 6/300)
  it 467400  train 0.06388  val 0.06337  lr 1.23e-05  512.8 min  119.7M views *best, saved*
  it 469040  train 0.06387  val 0.06338  lr 1.07e-05  514.6 min  120.1M views  (no improve 1/300)
  it 470680  train 0.06362  val 0.06339  lr 9.25e-06  516.4 min  120.5M views  (no improve 2/300)
  it 472320  train 0.06333  val 0.06337  lr 7.89e-06  518.2 min  120.9M views  (no improve 3/300)
  it 473960  train 0.06355  val 0.06340  lr 6.63e-06  520.0 min  121.3M views  (no improve 4/300)
  it 475600  train 0.06365  val 0.06336  lr 5.48e-06  521.8 min  121.8M views *best, saved*
  it 477240  train 0.06346  val 0.06338  lr 4.44e-06  523.6 min  122.2M views  (no improve 1/300)
  it 478880  train 0.06383  val 0.06340  lr 3.51e-06  525.4 min  122.6M views  (no improve 2/300)
  it 480520  train 0.06376  val 0.06339  lr 2.69e-06  527.2 min  123.0M views  (no improve 3/300)
  it 482160  train 0.06352  val 0.06338  lr 1.97e-06  528.9 min  123.4M views  (no improve 4/300)
  it 483800  train 0.06374  val 0.06338  lr 1.37e-06  530.7 min  123.9M views  (no improve 5/300)
  it 485440  train 0.06345  val 0.06338  lr 8.77e-07  532.5 min  124.3M views  (no improve 6/300)
  it 487080  train 0.06340  val 0.06337  lr 4.93e-07  534.3 min  124.7M views  (no improve 7/300)
  it 488720  train 0.06352  val 0.06339  lr 2.19e-07  536.1 min  125.1M views  (no improve 8/300)
  it 490360  train 0.06352  val 0.06340  lr 5.48e-08  537.9 min  125.5M views  (no improve 9/300)
  it 492000  train 0.06341  val 0.06337  lr 0.00e+00  539.7 min  126.0M views  (no improve 10/300)
saved ./fm_m2_dfb500.pt  (gc_std 0.05521 -> this is s)
